src/app/nyt-mini-crossword-answer-for-[date]/page.tsx(5,49): error TS2307: Cannot find module '../../../lib/nytMiniApi' or its corresponding type declarations.
